Error processing line 1 of /home/xangma/miniconda3/envs/ai/lib/python3.12/site-packages/pyannote_audio-3.1.1-nspkg.pth:

  Traceback (most recent call last):
    File "<frozen site>", line 206, in addpackage
    File "<string>", line 1, in <module>
    File "<frozen importlib._bootstrap>", line 810, in module_from_spec
  AttributeError: 'NoneType' object has no attribute 'loader'

Remainder of file ignored
Traceback (most recent call last):
  File "/home/xangma/miniconda3/envs/ai/lib/python3.12/site-packages/cupy/cuda/compiler.py", line 692, in compile
    nvrtc.compileProgram(self.ptr, options)
  File "cupy_backends/cuda/libs/nvrtc.pyx", line 125, in cupy_backends.cuda.libs.nvrtc.compileProgram
  File "cupy_backends/cuda/libs/nvrtc.pyx", line 138, in cupy_backends.cuda.libs.nvrtc.compileProgram
  File "cupy_backends/cuda/libs/nvrtc.pyx", line 53, in cupy_backends.cuda.libs.nvrtc.check_status
cupy_backends.cuda.libs.nvrtc.NVRTCError: NVRTC_ERROR_INVALID_OPTION (5)

During handling of the above exception, another exception occurred:

Traceback (most recent call last):
  File "/tmp/fourier-isolated-shear-20261007-v1/scripts/check-isolated-shear.py", line 162, in <module>
    if __name__=='__main__':main()
                            ^^^^^^
  File "/tmp/fourier-isolated-shear-20261007-v1/scripts/check-isolated-shear.py", line 143, in main
    kernel(((len(inputs)+127)//128,),(128,),(*device_args,out,peaks,nans,infs,
  File "cupy/_core/raw.pyx", line 93, in cupy._core.raw.RawKernel.__call__
  File "cupy/_core/raw.pyx", line 100, in cupy._core.raw.RawKernel.kernel.__get__
  File "cupy/_core/raw.pyx", line 117, in cupy._core.raw.RawKernel._kernel
  File "cupy/_util.pyx", line 64, in cupy._util.memoize.decorator.ret
  File "cupy/_core/raw.pyx", line 538, in cupy._core.raw._get_raw_module
  File "cupy/_core/core.pyx", line 2265, in cupy._core.core.compile_with_cache
  File "cupy/_core/core.pyx", line 2283, in cupy._core.core.compile_with_cache
  File "/home/xangma/miniconda3/envs/ai/lib/python3.12/site-packages/cupy/cuda/compiler.py", line 498, in _compile_module_with_cache
    return _compile_with_cache_cuda(
           ^^^^^^^^^^^^^^^^^^^^^^^^^
  File "/home/xangma/miniconda3/envs/ai/lib/python3.12/site-packages/cupy/cuda/compiler.py", line 542, in _compile_with_cache_cuda
    base = _preprocess('', options, arch, backend)
           ^^^^^^^^^^^^^^^^^^^^^^^^^^^^^^^^^^^^^^^
  File "/home/xangma/miniconda3/envs/ai/lib/python3.12/site-packages/cupy/cuda/compiler.py", line 436, in _preprocess
    result, _ = prog.compile(options)
                ^^^^^^^^^^^^^^^^^^^^^
  File "/home/xangma/miniconda3/envs/ai/lib/python3.12/site-packages/cupy/cuda/compiler.py", line 711, in compile
    raise CompileException(log, self.src, self.name, options,
cupy.cuda.compiler.CompileException: nvrtc: error: --ftz (-ftz) defined more than once
