FFT 16 complex64 jax_fft: 7.0604e-05s L2=6.89e-08
FFT 16 complex64 legacy_ifft_forward: 7.05332e-05s L2=6.37e-08
FFT 16 complex64 bluestein: 9.7625e-05s L2=2.96e-07
FFT 16 complex64 radix2: 6.0284e-05s L2=8.92e-08
FFT 16 complex64 dense_dft: 7.25067e-05s L2=6.35e-08
FFT 16 complex128 jax_fft: 0.000108045s L2=5.93e-17
FFT 16 complex128 legacy_ifft_forward: 0.000109738s L2=6.22e-17
FFT 16 complex128 bluestein: 0.000147088s L2=2.49e-16
FFT 16 complex128 radix2: 6.81388e-05s L2=1.38e-16
FFT 16 complex128 dense_dft: 6.9241e-05s L2=2.26e-15
FFT 64 complex64 jax_fft: 0.000108405s L2=1.22e-07
FFT 64 complex64 legacy_ifft_forward: 0.000114025s L2=1.16e-07
FFT 64 complex64 bluestein: 9.50103e-05s L2=2.8e-07
FFT 64 complex64 radix2: 7.1445e-05s L2=1.45e-07
FFT 64 complex64 dense_dft: 6.72368e-05s L2=7.71e-08
FFT 64 complex128 jax_fft: 8.48211e-05s L2=1.76e-16
FFT 64 complex128 legacy_ifft_forward: 8.40388e-05s L2=2.01e-16
FFT 64 complex128 bluestein: 9.78247e-05s L2=4.65e-16
FFT 64 complex128 radix2: 6.73379e-05s L2=2.2e-16
FFT 64 complex128 dense_dft: 5.94216e-05s L2=6.83e-15
FFT 256 complex64 jax_fft: 8.29869e-05s L2=1.88e-07
FFT 256 complex64 legacy_ifft_forward: 8.13929e-05s L2=1.84e-07
FFT 256 complex64 bluestein: 9.68128e-05s L2=3.69e-07
FFT 256 complex64 radix2: 8.65837e-05s L2=1.86e-07
FFT 256 complex64 dense_dft: 7.21961e-05s L2=9.12e-08
FFT 256 complex128 jax_fft: 0.000107693s L2=2.68e-16
FFT 256 complex128 legacy_ifft_forward: 0.000112433s L2=2.47e-16
FFT 256 complex128 bluestein: 0.00010572s L2=5.22e-16
FFT 256 complex128 radix2: 8.09128e-05s L2=3.26e-16
FFT 256 complex128 dense_dft: 6.836e-05s L2=3.49e-14
FFT 1024 complex64 jax_fft: 8.84379e-05s L2=2.93e-07
FFT 1024 complex64 legacy_ifft_forward: 8.982e-05s L2=2.89e-07
FFT 1024 complex64 bluestein: 0.000103355s L2=5.16e-07
FFT 1024 complex64 radix2: 7.7216e-05s L2=2.32e-07
FFT 1024 complex128 jax_fft: 7.57137e-05s L2=3.43e-16
FFT 1024 complex128 legacy_ifft_forward: 8.20961e-05s L2=3.39e-16
FFT 1024 complex128 bluestein: 0.000136859s L2=6.72e-16
FFT 1024 complex128 radix2: 0.000107523s L2=4.53e-16
FFT 4096 complex64 jax_fft: 7.43014e-05s L2=2.73e-07
FFT 4096 complex64 legacy_ifft_forward: 8.00421e-05s L2=2.72e-07
FFT 4096 complex64 bluestein: 0.000112532s L2=7.71e-07
FFT 4096 complex64 radix2: 9.19639e-05s L2=2.73e-07
FFT 4096 complex128 jax_fft: 0.000131138s L2=5.23e-16
FFT 4096 complex128 legacy_ifft_forward: 9.89172e-05s L2=5.28e-16
FFT 4096 complex128 bluestein: 0.000414003s L2=7.19e-16
FFT 4096 complex128 radix2: 0.000132951s L2=5.26e-16
FFT 16384 complex64 jax_fft: 7.75759e-05s L2=3.46e-07
FFT 16384 complex64 legacy_ifft_forward: 7.75168e-05s L2=3.46e-07
FFT 16384 complex64 bluestein: 0.000123283s L2=5.67e-07
FFT 16384 complex64 radix2: 9.30661e-05s L2=3.2e-07
FFT 16384 complex128 jax_fft: 8.55522e-05s L2=4.1e-16
FFT 16384 complex128 legacy_ifft_forward: 9.81349e-05s L2=4.11e-16
FFT 16384 complex128 bluestein: 0.000202563s L2=7.6e-16
FFT 16384 complex128 radix2: 0.00019041s L2=5.94e-16
FFT 65536 complex64 jax_fft: 7.91298e-05s L2=3.14e-07
FFT 65536 complex64 legacy_ifft_forward: 8.05822e-05s L2=3.14e-07
FFT 65536 complex64 bluestein: 0.000140616s L2=5.86e-07
FFT 65536 complex64 radix2: 8.53012e-05s L2=3.66e-07
FFT 65536 complex128 jax_fft: 8.30973e-05s L2=4.75e-16
FFT 65536 complex128 legacy_ifft_forward: 8.49711e-05s L2=4.76e-16
FFT 65536 complex128 bluestein: 0.000260332s L2=8.22e-16
FFT 65536 complex128 radix2: 0.000337278s L2=6.69e-16
FFT 17 complex64 jax_fft: 8.76146e-05s L2=5.73e-08
FFT 17 complex64 legacy_ifft_forward: 8.94191e-05s L2=6.57e-08
FFT 17 complex64 bluestein: 0.000102183s L2=3.43e-07
FFT 17 complex64 dense_dft: 7.04741e-05s L2=8.7e-08
FFT 17 complex128 jax_fft: 9.01097e-05s L2=1.68e-16
FFT 17 complex128 legacy_ifft_forward: 8.92486e-05s L2=3.73e-09
FFT 17 complex128 bluestein: 0.000112272s L2=5.62e-16
FFT 17 complex128 dense_dft: 6.89998e-05s L2=2.66e-15
FFT 257 complex64 jax_fft: 8.61231e-05s L2=2.07e-07
FFT 257 complex64 legacy_ifft_forward: 9.15229e-05s L2=2.04e-07
FFT 257 complex64 bluestein: 0.000114667s L2=5.79e-07
FFT 257 complex128 jax_fft: 7.80979e-05s L2=5.86e-16
FFT 257 complex128 legacy_ifft_forward: 7.93398e-05s L2=2.33e-10
FFT 257 complex128 bluestein: 0.000117983s L2=7.65e-16
FFT 4093 complex64 jax_fft: 9.30056e-05s L2=3.35e-07
FFT 4093 complex64 legacy_ifft_forward: 8.96896e-05s L2=3.1e-07
FFT 4093 complex64 bluestein: 0.00012667s L2=8.07e-07
FFT 4093 complex128 jax_fft: 0.000186322s L2=7.63e-16
FFT 4093 complex128 legacy_ifft_forward: 0.000180531s L2=5.92e-08
FFT 4093 complex128 bluestein: 0.000405276s L2=8.84e-16
PASS: /home/xangma/repos/exact-fourier-jax/results/20261008/fft.json
