Newton 2 complex64 newton: L2=6.977e-08
Newton 2 complex64 jax_fft: L2=2.93092e-08
Newton 2 complex128 newton: L2=0
Newton 2 complex128 jax_fft: L2=0
Newton 3 complex64 newton: L2=1.61824e-07
Newton 3 complex64 jax_fft: L2=5.30564e-08
Newton 3 complex128 newton: L2=4.75951e-16
Newton 3 complex128 jax_fft: L2=2.47268e-17
Newton 4 complex64 newton: L2=1.65146e-07
Newton 4 complex64 jax_fft: L2=3.00529e-08
Newton 4 complex128 newton: L2=4.15611e-16
Newton 4 complex128 jax_fft: L2=0
Newton 5 complex64 newton: L2=4.45003e-07
Newton 5 complex64 jax_fft: L2=6.12594e-08
Newton 5 complex128 newton: L2=5.01008e-16
Newton 5 complex128 jax_fft: L2=0
Newton 8 complex64 newton: L2=9.09249e-07
Newton 8 complex64 jax_fft: L2=2.56898e-08
Newton 8 complex128 newton: L2=2.68228e-15
Newton 8 complex128 jax_fft: L2=1.63105e-16
Newton 16 complex64 newton: L2=0.000355577
Newton 16 complex64 jax_fft: L2=6.26758e-08
Newton 16 complex128 newton: L2=3.46767e-13
Newton 16 complex128 jax_fft: L2=1.28318e-16
Newton 32 complex64 newton: L2=3.60881
Newton 32 complex64 jax_fft: L2=1.22614e-07
Newton 32 complex128 newton: L2=1.24846e-08
Newton 32 complex128 jax_fft: L2=1.80001e-16
Newton 64 complex64 newton: L2=4.8572e+08
Newton 64 complex64 jax_fft: L2=1.32565e-07
Newton 64 complex128 newton: L2=0.80933
Newton 64 complex128 jax_fft: L2=2.14583e-16
PASS: /home/xangma/repos/exact-fourier-jax/results/20261008/newton.json
