{'repo': '/home/xangma/repos/exact-fourier-jax', 'jax': '0.4.20', 'device': 'cuda:0', 'dtype': 'complex128', 'x64_enabled': True}
{
  "h": 100,
  "v": 161700,
  "degree": 147731,
  "m": 1000000,
  "W": 1873807244643542670000,
  "W_star": 2361183241434822606848,
  "r": 71,
  "Delta": 6871402692000000,
  "H_calls": 22486194194905980000000,
  "f": 6544863,
  "minimal_saving_f": 6544863,
  "b": 6544863000071,
  "width": "2^6544863000071",
  "common_factor": "2^6544862999999",
  "actual_coefficient": 15453620833254481400417734993086208,
  "ordinary_coefficient": 15453620833254481401264894229086208,
  "saved_coefficient": 847159236000000,
  "saved_fraction": "5.4819465621740058488724206539691978884535981953701689157784842871393530491949344E-20",
  "epsilon": "2.910152236987946679225292001547131803818047046661376953125E-12",
  "one_minus_theta": "2.1064384300401810834416405036955125721501141606446923032195464068647270508315352E-13",
  "theta": "0.99999999999978935615699598189165583594963044874278498858393553076967804535931353"
}
Strict call saving: True
{'h': '4', 'f': '1', 'b': '74', 'saved_fraction': '-0.44932432432432432432432432432432432432432432432432432432432432432432432432432432', 'one_minus_theta': 'None'}
{'h': '20', 'f': '1', 'b': '8042', 'saved_fraction': '-0.0022167270995729904667235997979601234145734891817955732404874409350907734394429246', 'one_minus_theta': 'None'}
{'h': '24', 'f': '454425', 'b': '6281971245', 'saved_fraction': '7.1171561067726000439501325272303120833530653959559791012701459762890079895614040E-15', 'one_minus_theta': '3.9576100238591133749179063009666716505625628736256878027665600804203959437457024E-10'}
{'h': '100', 'f': '6544863', 'b': '6544863000071', 'saved_fraction': '5.4819465621740058488724206539691978884535981953701689157784842871393530491949344E-20', 'one_minus_theta': '2.1064384300401810834416405036955125721501141606446923032195464068647270508315352E-13'}
{'n': 1000, 'unit_constant_shape': '49864.678872656109366259776647761837037825435090732573174897728787488228532414721', 'shape_over_n_log_n': '7.2186516254240708118874313948926175336829387937108786805275591240706619950403857'}
{'n': 1000000, 'unit_constant_shape': '250119676.97834237056010732497325537854006229307094091694184430174114862393919600', 'shape_over_n_log_n': '18.104265921186317237484871752360797063038296556806336731629726363869249341252767'}
{'n': 1000000000000, 'unit_constant_shape': '1010170736467600.2350930357728862750724806583256903740856693387169568076292016080', 'shape_over_n_log_n': '36.559298052335231780771231325902674635505022389057802334931444786179907325252818'}
{'log2_target': 20, 'mode': 'three_C', 'source': (1+0j), 'source_absolute_error': 0.0, 'relative_l2': 0.0}
{'log2_target': 20, 'mode': 'direct', 'source': (1+0j), 'source_absolute_error': 0.0, 'relative_l2': 0.0}
{'operator': 'C tensor 6', 'finite': True, 'relative_l2': 2.8264022431835205e-16, 'maximum_absolute': 8.005932084973443e-16, 'first_call_seconds': 0.2840994796715677, 'warm_median_seconds': 7.164478302001953e-05}
Full projected replay disabled. Set RUN_FULL_PROJECTED=True to run it.
{'n': 32, 'method': 'jax_conjugate_forward', 'finite': True, 'relative_l2': 6.013994658044707e-15, 'maximum_absolute': 1.261588586811847e-13, 'first_call_seconds': 0.05913187609985471, 'warm_median_seconds': 9.109126403927803e-05}
{'n': 32, 'method': 'jax_ifft_times_n', 'finite': True, 'relative_l2': 6.047997052629815e-15, 'maximum_absolute': 1.261588586811847e-13, 'first_call_seconds': 0.05280078575015068, 'warm_median_seconds': 8.107302710413933e-05}
{'n': 32, 'method': 'Bluestein', 'finite': True, 'relative_l2': 6.0174325484033494e-15, 'maximum_absolute': 1.2265869388011245e-13, 'first_call_seconds': 0.08670112583786249, 'warm_median_seconds': 0.0001574978232383728}
{'n': 32, 'method': 'radix_two', 'finite': True, 'relative_l2': 5.9877025511737085e-15, 'maximum_absolute': 1.2440840389795316e-13, 'first_call_seconds': 0.3279522154480219, 'warm_median_seconds': 0.0022482839412987232}
{'normalization_control_ifft_only': {'finite': True, 'relative_l2': 0.96875, 'maximum_absolute': 15.81814660230572}}
{'sign_control_fft': {'finite': True, 'relative_l2': 1.4142855009678468, 'maximum_absolute': 24.38028625470653}}
{'n': 8, 'Newton_factor_matrix_error': {'finite': True, 'relative_l2': 3.2286040794000465e-15, 'maximum_absolute': 1.367558643333441e-14}, 'maximum_factor_entry': 13.656854249492385, 'Newton_action_error': {'finite': True, 'relative_l2': 3.1257591161519924e-15, 'maximum_absolute': 2.2055468293227204e-14}, 'first_call_seconds': 0.23895232332870364, 'warm_median_seconds': 0.0005521620623767376}
{'conjugate_transpose_control': {'finite': True, 'relative_l2': 14.883056037192183, 'maximum_absolute': 55.59991589348811}}
{'method': 'Bluestein_same_DFT', 'finite': True, 'relative_l2': 6.7183391939032e-16, 'maximum_absolute': 3.794299872214038e-15, 'first_call_seconds': 0.09689386514946818, 'warm_median_seconds': 0.002296243794262409}
{"passed": true, "host": "len", "pid": 296819, "platform": "gpu", "python": "3.11.9 | packaged by conda-forge | (main, Apr 19 2024, 18:36:13) [GCC 12.3.0]", "jax": "0.4.20", "device": "cuda:0", "code_cells_executed": 11, "seconds": 4.910341940820217, "saved_outputs_empty": true, "notebook_sha256": "2143e289b231ab284d9520bf15806456b3e0e2b4cbc0aec22233c384ecc827b6", "source_sha256": {"src/exact_fourier/jax_backend.py": "d079a7371cfe126793bd43f4b9e04cae8cf7e0e7ff19c7f83de575c7fd245815", "src/exact_fourier/jax_fft.py": "0ccd021d8985a5762690c8162a257edc54029677a0d53272911c272e26ac5161", "src/exact_fourier/jax_newton.py": "714fec281c2904bf1b61e0d015de107e56c2b560b813f1c22dfa992e8e25f385"}}
